- Sin files
sin_1: ceil=150 | floor=40 | peaks=1
sin_2: ceil=48 | floor=28 | peaks=1
sin_3: ceil=149 | floor=94 | peaks=2
sin_4: ceil=226 | floor=130 | peaks=2
sin_5: ceil=180 | floor=69 | peaks=3
sin_6: ceil=300 | floor=65 | peaks=1
sin_7: ceil=76 | floor=72 | peaks=3
sin_8: ceil=227 | floor=100 | peaks=2
sin_9: ceil=293 | floor=100 | peaks=1
sin_10: ceil=284 | floor=36 | peaks=1
- Cos files
cos_1: ceil=249 | floor=28 | peaks=2
cos_2: ceil=155 | floor=9 | peaks=1
cos_3: ceil=224 | floor=175 | peaks=1
cos_4: ceil=296 | floor=135 | peaks=1
cos_5: ceil=150 | floor=9 | peaks=1
cos_6: ceil=252 | floor=79 | peaks=3
cos_7: ceil=72 | floor=71 | peaks=2
cos_8: ceil=259 | floor=42 | peaks=2
cos_9: ceil=260 | floor=210 | peaks=1
cos_10: ceil=75 | floor=71 | peaks=3
- AbsSin files
abssin_1: ceil=68 | floor=60 | peaks=2
abssin_2: ceil=129 | floor=86 | peaks=2
abssin_3: ceil=120 | floor=21 | peaks=2
abssin_4: ceil=165 | floor=17 | peaks=3
abssin_5: ceil=245 | floor=72 | peaks=3
abssin_6: ceil=113 | floor=47 | peaks=2
abssin_7: ceil=19 | floor=12 | peaks=2
abssin_8: ceil=14 | floor=12 | peaks=1
abssin_9: ceil=97 | floor=59 | peaks=2
abssin_10: ceil=183 | floor=43 | peaks=3
- AbsCos files
abscos_1: ceil=192 | floor=175 | peaks=1
abscos_2: ceil=163 | floor=132 | peaks=1
abscos_3: ceil=136 | floor=135 | peaks=1
abscos_4: ceil=22 | floor=17 | peaks=2
abscos_5: ceil=222 | floor=77 | peaks=3
abscos_6: ceil=18 | floor=13 | peaks=1
abscos_7: ceil=221 | floor=58 | peaks=1
abscos_8: ceil=123 | floor=96 | peaks=1
abscos_9: ceil=47 | floor=31 | peaks=1
abscos_10: ceil=107 | floor=89 | peaks=3
- Log files
log_1: ceil=247 | floor=113 | a=-7
log_2: ceil=176 | floor=166 | a=2
log_3: ceil=10 | floor=7 | a=2
log_4: ceil=157 | floor=36 | a=-10
log_5: ceil=180 | floor=163 | a=1
log_6: ceil=252 | floor=124 | a=-7
log_7: ceil=5 | floor=5 | a=-8
log_8: ceil=13 | floor=9 | a=-1
log_9: ceil=232 | floor=110 | a=6
log_10: ceil=279 | floor=216 | a=4
- Linear files
linear_1: ceil=13 | floor=5 | a=1
linear_2: ceil=214 | floor=153 | a=3
linear_3: ceil=107 | floor=39 | a=2
linear_4: ceil=29 | floor=7 | a=3
linear_5: ceil=115 | floor=67 | a=2
linear_6: ceil=276 | floor=228 | a=2
linear_7: ceil=282 | floor=248 | a=3
linear_8: ceil=202 | floor=131 | a=2
linear_9: ceil=73 | floor=37 | a=1
linear_10: ceil=106 | floor=106 | a=2
- Bell files
bell_1: ceil=155 | floor=60
bell_2: ceil=294 | floor=114
bell_3: ceil=224 | floor=117
bell_4: ceil=62 | floor=52
bell_5: ceil=200 | floor=11
bell_6: ceil=39 | floor=9
bell_7: ceil=161 | floor=45
bell_8: ceil=294 | floor=204
bell_9: ceil=29 | floor=13
bell_10: ceil=45 | floor=17
- Const files
const_1: ceil=19
const_2: ceil=106
const_3: ceil=227
const_4: ceil=299
const_5: ceil=25
const_6: ceil=254
const_7: ceil=227
const_8: ceil=295
const_9: ceil=85
const_10: ceil=239
- Stairs Up files
stairsu_1: ceil=140 | floor=5
stairsu_2: ceil=89 | floor=5
stairsu_3: ceil=169 | floor=5
stairsu_4: ceil=188 | floor=5
stairsu_5: ceil=57 | floor=5
stairsu_6: ceil=6 | floor=5
stairsu_7: ceil=34 | floor=5
stairsu_8: ceil=66 | floor=5
stairsu_9: ceil=172 | floor=5
stairsu_10: ceil=191 | floor=5
- Stairs Down files
stairsd_1: ceil=247 | floor=5
stairsd_2: ceil=295 | floor=5
stairsd_3: ceil=114 | floor=5
stairsd_4: ceil=267 | floor=5
stairsd_5: ceil=53 | floor=5
stairsd_6: ceil=233 | floor=5
stairsd_7: ceil=97 | floor=5
stairsd_8: ceil=162 | floor=5
stairsd_9: ceil=104 | floor=5
stairsd_10: ceil=98 | floor=5
- Sin files
sin_11: ceil=8 | floor=7 | peaks=1
sin_12: ceil=8 | floor=8 | peaks=2
sin_13: ceil=16 | floor=6 | peaks=2
sin_14: ceil=17 | floor=10 | peaks=1
sin_15: ceil=53 | floor=17 | peaks=2
- Cos files
cos_11: ceil=92 | floor=55 | peaks=1
cos_12: ceil=46 | floor=38 | peaks=1
cos_13: ceil=100 | floor=23 | peaks=1
cos_14: ceil=61 | floor=53 | peaks=1
cos_15: ceil=74 | floor=59 | peaks=3
- AbsSin files
abssin_11: ceil=43 | floor=42 | peaks=1
abssin_12: ceil=68 | floor=58 | peaks=1
abssin_13: ceil=51 | floor=15 | peaks=1
abssin_14: ceil=44 | floor=18 | peaks=3
abssin_15: ceil=39 | floor=37 | peaks=1
- AbsCos files
abscos_11: ceil=61 | floor=29 | peaks=3
abscos_12: ceil=41 | floor=35 | peaks=2
abscos_13: ceil=75 | floor=75 | peaks=3
abscos_14: ceil=99 | floor=66 | peaks=2
abscos_15: ceil=78 | floor=30 | peaks=3
- Log files
log_11: ceil=46 | floor=18 | a=8
log_12: ceil=72 | floor=39 | a=-6
log_13: ceil=26 | floor=16 | a=10
log_14: ceil=36 | floor=11 | a=2
log_15: ceil=51 | floor=31 | a=-5
- Linear files
linear_11: ceil=68 | floor=7 | a=2
linear_12: ceil=34 | floor=32 | a=1
linear_13: ceil=96 | floor=26 | a=1
linear_14: ceil=40 | floor=22 | a=1
linear_15: ceil=60 | floor=11 | a=1
- Bell files
bell_11: ceil=16 | floor=15
bell_12: ceil=51 | floor=8
bell_13: ceil=61 | floor=36
bell_14: ceil=77 | floor=69
bell_15: ceil=99 | floor=77
- Const files
const_11: ceil=44
const_12: ceil=82
const_13: ceil=16
const_14: ceil=82
const_15: ceil=8
- Stairs Up files
stairsu_11: ceil=80 | floor=5
stairsu_12: ceil=53 | floor=5
stairsu_13: ceil=73 | floor=5
stairsu_14: ceil=58 | floor=5
stairsu_15: ceil=12 | floor=5
- Stairs Down files
stairsd_11: ceil=32 | floor=5
stairsd_12: ceil=44 | floor=5
stairsd_13: ceil=55 | floor=5
stairsd_14: ceil=41 | floor=5
stairsd_15: ceil=86 | floor=5
