- Sin files
sin_2: ceil=93 | floor=32 | peaks=2
sin_3: ceil=194 | floor=108 | peaks=2
- Cos files
cos_2: ceil=102 | floor=99 | peaks=3
cos_3: ceil=191 | floor=178 | peaks=2
- AbsSin files
abssin_2: ceil=94 | floor=75 | peaks=1
abssin_3: ceil=73 | floor=36 | peaks=2
- AbsCos files
abscos_2: ceil=132 | floor=92 | peaks=1
abscos_3: ceil=116 | floor=60 | peaks=2
- Random Stairs files
rdstairs_2: ceil=158 | floor=30
rdstairs_3: ceil=103 | floor=30
- Random Jump files
rdjump_2: ceil=120 | floor=30
rdjump_3: ceil=51 | floor=30
- Linear files
linear_2: ceil=60 | floor=52 | a=3
linear_3: ceil=127 | floor=36 | a=2
- Stairs Up files
stairsu_2: ceil=146 | floor=30
stairsu_3: ceil=137 | floor=30
- Stairs Down files
stairsd_2: ceil=59 | floor=30
stairsd_3: ceil=182 | floor=30
